I'm sorry, but errors were detected in your script. Please correct the
errors listed below, and try again.


File "game/scripts/screens.rpy", line 8: 'show' is not a keyword argument or valid child of the frame statement.
    show background:
        ^

Ren'Py Version: Ren'Py 8.2.1.24030407
Sun Apr  7 22:13:08 2024
